2026-06-04 10:46:23.833 [info] [getSessions] [all] starting
2026-06-04 10:46:23.834 [info] [getSessions] [all] returned 0 session(s)
2026-06-04 10:46:23.834 [info] [getSessions] [all] starting
2026-06-04 10:46:23.834 [info] [getSessions] [all] returned 0 session(s)
2026-06-04 10:46:23.834 [info] [getSessions] [all] starting
2026-06-04 10:46:23.834 [info] [getSessions] [all] returned 0 session(s)
2026-06-04 10:46:23.878 [info] [getSessions] [499b84ac-1321-427f-aa17-267ca6975798/.default offline_access] starting
2026-06-04 10:46:23.878 [info] [aebc6443-996d-45c2-90f0-388ff96faa56] Native Broker is not available in web UI
2026-06-04 10:46:23.968 [info] [getSessions] [499b84ac-1321-427f-aa17-267ca6975798/.default offline_access] returned 0 session(s)
2026-06-04 10:46:24.665 [info] [getSessions] [499b84ac-1321-427f-aa17-267ca6975798/.default offline_access] starting
2026-06-04 10:46:24.665 [info] [getSessions] [499b84ac-1321-427f-aa17-267ca6975798/.default offline_access] returned 0 session(s)
2026-06-04 11:48:26.359 [info] [getSessions] [499b84ac-1321-427f-aa17-267ca6975798/.default offline_access] starting
2026-06-04 11:48:26.359 [info] [getSessions] [499b84ac-1321-427f-aa17-267ca6975798/.default offline_access] returned 0 session(s)
2026-06-04 12:20:45.063 [info] [getSessions] [499b84ac-1321-427f-aa17-267ca6975798/.default offline_access] starting
2026-06-04 12:20:45.063 [info] [getSessions] [499b84ac-1321-427f-aa17-267ca6975798/.default offline_access] returned 0 session(s)
2026-06-04 12:41:59.922 [info] [getSessions] [499b84ac-1321-427f-aa17-267ca6975798/.default offline_access] starting
2026-06-04 12:41:59.923 [info] [getSessions] [499b84ac-1321-427f-aa17-267ca6975798/.default offline_access] returned 0 session(s)
2026-06-04 13:24:23.996 [info] [getSessions] [499b84ac-1321-427f-aa17-267ca6975798/.default offline_access] starting
2026-06-04 13:24:23.996 [info] [getSessions] [499b84ac-1321-427f-aa17-267ca6975798/.default offline_access] returned 0 session(s)
2026-06-04 13:54:10.937 [info] [getSessions] [499b84ac-1321-427f-aa17-267ca6975798/.default offline_access] starting
2026-06-04 13:54:10.937 [info] [getSessions] [499b84ac-1321-427f-aa17-267ca6975798/.default offline_access] returned 0 session(s)
2026-06-04 14:16:48.552 [info] [getSessions] [499b84ac-1321-427f-aa17-267ca6975798/.default offline_access] starting
2026-06-04 14:16:48.552 [info] [getSessions] [499b84ac-1321-427f-aa17-267ca6975798/.default offline_access] returned 0 session(s)
